------------------------------------------------------------
Timing Analyzer Summary
------------------------------------------------------------

Type  : Slow 1200mV 85C Model Setup 'PIXCLK'
Slack : -3.944
TNS   : -134.270

Type  : Slow 1200mV 85C Model Setup 'pll|altpll_0|sd1|pll7|clk[0]'
Slack : 1.414
TNS   : 0.000

Type  : Slow 1200mV 85C Model Setup 'pll|altpll_0|sd1|pll7|clk[1]'
Slack : 1.781
TNS   : 0.000

Type  : Slow 1200mV 85C Model Setup 'CLK_10M'
Slack : 97.514
TNS   : 0.000

Type  : Slow 1200mV 85C Model Hold 'CLK_10M'
Slack : 0.357
TNS   : 0.000

Type  : Slow 1200mV 85C Model Hold 'pll|altpll_0|sd1|pll7|clk[0]'
Slack : 0.357
TNS   : 0.000

Type  : Slow 1200mV 85C Model Hold 'pll|altpll_0|sd1|pll7|clk[1]'
Slack : 0.358
TNS   : 0.000

Type  : Slow 1200mV 85C Model Hold 'PIXCLK'
Slack : 0.381
TNS   : 0.000

Type  : Slow 1200mV 85C Model Recovery 'pll|altpll_0|sd1|pll7|clk[0]'
Slack : 7.541
TNS   : 0.000

Type  : Slow 1200mV 85C Model Removal 'pll|altpll_0|sd1|pll7|clk[0]'
Slack : 0.926
TNS   : 0.000

Type  : Slow 1200mV 85C Model Minimum Pulse Width 'PIXCLK'
Slack : -3.000
TNS   : -86.595

Type  : Slow 1200mV 85C Model Minimum Pulse Width 'pll|altpll_0|sd1|pll7|clk[0]'
Slack : 5.250
TNS   : 0.000

Type  : Slow 1200mV 85C Model Minimum Pulse Width 'pll|altpll_0|sd1|pll7|clk[1]'
Slack : 12.246
TNS   : 0.000

Type  : Slow 1200mV 85C Model Minimum Pulse Width 'CLK_10M'
Slack : 49.596
TNS   : 0.000

Type  : Slow 1200mV 0C Model Setup 'PIXCLK'
Slack : -3.469
TNS   : -113.841

Type  : Slow 1200mV 0C Model Setup 'pll|altpll_0|sd1|pll7|clk[0]'
Slack : 1.548
TNS   : 0.000

Type  : Slow 1200mV 0C Model Setup 'pll|altpll_0|sd1|pll7|clk[1]'
Slack : 1.887
TNS   : 0.000

Type  : Slow 1200mV 0C Model Setup 'CLK_10M'
Slack : 97.765
TNS   : 0.000

Type  : Slow 1200mV 0C Model Hold 'pll|altpll_0|sd1|pll7|clk[0]'
Slack : 0.311
TNS   : 0.000

Type  : Slow 1200mV 0C Model Hold 'CLK_10M'
Slack : 0.312
TNS   : 0.000

Type  : Slow 1200mV 0C Model Hold 'pll|altpll_0|sd1|pll7|clk[1]'
Slack : 0.312
TNS   : 0.000

Type  : Slow 1200mV 0C Model Hold 'PIXCLK'
Slack : 0.333
TNS   : 0.000

Type  : Slow 1200mV 0C Model Recovery 'pll|altpll_0|sd1|pll7|clk[0]'
Slack : 7.905
TNS   : 0.000

Type  : Slow 1200mV 0C Model Removal 'pll|altpll_0|sd1|pll7|clk[0]'
Slack : 0.833
TNS   : 0.000

Type  : Slow 1200mV 0C Model Minimum Pulse Width 'PIXCLK'
Slack : -3.000
TNS   : -86.522

Type  : Slow 1200mV 0C Model Minimum Pulse Width 'pll|altpll_0|sd1|pll7|clk[0]'
Slack : 5.273
TNS   : 0.000

Type  : Slow 1200mV 0C Model Minimum Pulse Width 'pll|altpll_0|sd1|pll7|clk[1]'
Slack : 12.243
TNS   : 0.000

Type  : Slow 1200mV 0C Model Minimum Pulse Width 'CLK_10M'
Slack : 49.597
TNS   : 0.000

Type  : Fast 1200mV 0C Model Setup 'PIXCLK'
Slack : -1.793
TNS   : -51.021

Type  : Fast 1200mV 0C Model Setup 'pll|altpll_0|sd1|pll7|clk[0]'
Slack : 2.001
TNS   : 0.000

Type  : Fast 1200mV 0C Model Setup 'pll|altpll_0|sd1|pll7|clk[1]'
Slack : 2.220
TNS   : 0.000

Type  : Fast 1200mV 0C Model Setup 'CLK_10M'
Slack : 98.495
TNS   : 0.000

Type  : Fast 1200mV 0C Model Hold 'pll|altpll_0|sd1|pll7|clk[1]'
Slack : 0.180
TNS   : 0.000

Type  : Fast 1200mV 0C Model Hold 'pll|altpll_0|sd1|pll7|clk[0]'
Slack : 0.185
TNS   : 0.000

Type  : Fast 1200mV 0C Model Hold 'CLK_10M'
Slack : 0.187
TNS   : 0.000

Type  : Fast 1200mV 0C Model Hold 'PIXCLK'
Slack : 0.196
TNS   : 0.000

Type  : Fast 1200mV 0C Model Recovery 'pll|altpll_0|sd1|pll7|clk[0]'
Slack : 8.981
TNS   : 0.000

Type  : Fast 1200mV 0C Model Removal 'pll|altpll_0|sd1|pll7|clk[0]'
Slack : 0.506
TNS   : 0.000

Type  : Fast 1200mV 0C Model Minimum Pulse Width 'PIXCLK'
Slack : -3.000
TNS   : -118.488

Type  : Fast 1200mV 0C Model Minimum Pulse Width 'pll|altpll_0|sd1|pll7|clk[0]'
Slack : 5.312
TNS   : 0.000

Type  : Fast 1200mV 0C Model Minimum Pulse Width 'pll|altpll_0|sd1|pll7|clk[1]'
Slack : 12.282
TNS   : 0.000

Type  : Fast 1200mV 0C Model Minimum Pulse Width 'CLK_10M'
Slack : 49.273
TNS   : 0.000

------------------------------------------------------------
